[zain@ArchLinux anime-downloader]$ python main.py --sync-links
Syncing links for all watchlist entries...

luciferdonghua
2026-09-05 20:05:23,807 - scraper.luciferdonghua - WARNING - No strong match for perfect world (best score 50); recording not_found
  ✗ perfect world → not_found
2026-09-05 20:06:06,930 - scraper.luciferdonghua - WARNING - No strong match for stellar transformation (best score 60); recording not_found
  ✗ stellar transformation → not_found
2026-09-05 20:06:49,311 - scraper.luciferdonghua - WARNING - No strong match for The Great Ruler (best score 10); recording not_found
  ✗ The Great Ruler → not_found
2026-09-05 20:07:29,860 - scraper.luciferdonghua - WARNING - No strong match for Shrouding The Heavens (best score 50); recording not_found
  ✗ Shrouding The Heavens → not_found
2026-09-05 20:08:19,549 - scraper.luciferdonghua - WARNING - No strong match for Battle through the heavens (best score 30); recording not_found
  ✗ Battle through the heavens → not_found
2026-09-05 20:09:01,005 - scraper.luciferdonghua - WARNING - No strong match for renegade immortal (best score 30); recording not_found
  ✗ renegade immortal → not_found
2026-09-05 20:09:54,156 - scraper.luciferdonghua - WARNING - No strong match for The Demon Hunter (best score 60); recording not_found
  ✗ The Demon Hunter → not_found
2026-09-05 20:10:43,537 - scraper.luciferdonghua - WARNING - No strong match for soul land 2 (best score 10); recording not_found
  ✗ soul land 2 → not_found
2026-09-05 20:11:32,551 - scraper.luciferdonghua - WARNING - No strong match for swallowed star (best score 60); recording not_found
  ✗ swallowed star → not_found
2026-09-05 20:12:10,340 - scraper.luciferdonghua - WARNING - No strong match for Beyond the Timescape (best score 50); recording not_found
  ✗ Beyond the Timescape → not_found
2026-09-05 20:12:49,143 - scraper.luciferdonghua - WARNING - No strong match for sword and fairy 3 (best score 30); recording not_found
  ✗ sword and fairy 3 → not_found
2026-09-05 20:13:32,109 - scraper.luciferdonghua - WARNING - No strong match for The Supreme Body Refining Master (best score 10); recording not_found
  ✗ The Supreme Body Refining Master → not_found
2026-09-05 20:14:14,224 - scraper.luciferdonghua - WARNING - No strong match for sword of coming(jian lai) (best score 10); recording not_found
  ✗ sword of coming(jian lai) → not_found
2026-09-05 20:14:57,138 - scraper.luciferdonghua - WARNING - No strong match for keyboard immortal (best score 10); recording not_found
  ✗ keyboard immortal → not_found
2026-09-05 20:15:45,681 - scraper.luciferdonghua - WARNING - No strong match for The Divine Emperor of Destiny (best score 10); recording not_found
  ✗ The Divine Emperor of Destiny → not_found
2026-09-05 20:16:27,754 - scraper.luciferdonghua - WARNING - No strong match for Twin Martial Spirits (best score 50); recording not_found
  ✗ Twin Martial Spirits → not_found
2026-09-05 20:17:10,499 - scraper.luciferdonghua - WARNING - No strong match for Endless Heaven Realm (best score 50); recording not_found
  ✗ Endless Heaven Realm → not_found
Invalidated apotheosis::season 3
2026-09-05 20:18:10,449 - scraper.luciferdonghua - WARNING - No strong match for apotheosis (best score 30); recording not_found
  ✗ apotheosis → not_found
Invalidated lord of all realms::
2026-09-05 20:18:56,987 - scraper.luciferdonghua - WARNING - No strong match for lord of all realms (best score 30); recording not_found
  ✗ lord of all realms → not_found
Invalidated classroom of the elite::season 2
2026-09-05 20:19:36,185 - scraper.luciferdonghua - WARNING - No strong match for classroom of the elite (best score 10); recording not_found
  ✗ classroom of the elite → not_found
Invalidated against the gods::season 1
2026-09-05 20:20:17,335 - scraper.luciferdonghua - WARNING - No strong match for against the gods (best score 50); recording not_found
  ✗ against the gods → not_found
Invalidated stellar transformation::season 6
2026-09-05 20:20:54,292 - scraper.luciferdonghua - WARNING - No strong match for stellar transformation (best score 30); recording not_found
  ✗ stellar transformation → not_found
Invalidated Return of the Divine Emperor::season 1
2026-09-05 20:21:30,337 - scraper.luciferdonghua - WARNING - No strong match for Return of the Divine Emperor (best score 10); recording not_found
  ✗ Return of the Divine Emperor → not_found
Invalidated The strongest upgrade::
2026-09-05 20:22:06,597 - scraper.luciferdonghua - WARNING - No strong match for The strongest upgrade (best score 50); recording not_found
  ✗ The strongest upgrade → not_found
Invalidated Above the Kingdom of God::
2026-09-05 20:22:42,630 - scraper.luciferdonghua - WARNING - No strong match for Above the Kingdom of God (best score 10); recording not_found
  ✗ Above the Kingdom of God → not_found
Invalidated Jade Dynasty::season 3
2026-09-05 20:23:21,188 - scraper.luciferdonghua - WARNING - No strong match for Jade Dynasty (best score 50); recording not_found
  ✗ Jade Dynasty → not_found
Invalidated Divine Lord Of Heavens::
2026-09-05 20:23:57,626 - scraper.luciferdonghua - WARNING - No strong match for Divine Lord Of Heavens (best score 10); recording not_found
  ✗ Divine Lord Of Heavens → not_found
Invalidated Dragon Raja::season 2
2026-09-05 20:24:32,410 - scraper.luciferdonghua - WARNING - No strong match for Dragon Raja (best score 50); recording not_found
  ✗ Dragon Raja → not_found
Invalidated Martial Universe::season 6
2026-09-05 20:25:12,543 - scraper.luciferdonghua - WARNING - No strong match for Martial Universe (best score 10); recording not_found
  ✗ Martial Universe → not_found
Invalidated Legend of the Misty Sword Immortal::
2026-09-05 20:25:48,632 - scraper.luciferdonghua - WARNING - No strong match for Legend of the Misty Sword Immortal (best score 10); recording not_found
  ✗ Legend of the Misty Sword Immortal → not_found
Invalidated Supreme Over the Sky::
2026-09-05 20:26:26,512 - scraper.luciferdonghua - WARNING - No strong match for Supreme Over the Sky (best score 30); recording not_found
  ✗ Supreme Over the Sky → not_found
Invalidated Peerless Divine Emperor::
2026-09-05 20:27:08,678 - scraper.luciferdonghua - WARNING - No strong match for Peerless Divine Emperor (best score 50); recording not_found
  ✗ Peerless Divine Emperor → not_found
Invalidated World Defying Dan God::season 1
2026-09-05 20:27:45,340 - scraper.luciferdonghua - WARNING - No strong match for World Defying Dan God (best score 30); recording not_found
  ✗ World Defying Dan God → not_found
Invalidated The Daily Life of Immortal King::season 5
2026-09-05 20:28:25,378 - scraper.luciferdonghua - WARNING - No strong match for The Daily Life of Immortal King (best score 40); recording not_found
  ✗ The Daily Life of Immortal King → not_found
Invalidated Nine Suns Martial God::season 1
2026-09-05 20:29:00,526 - scraper.luciferdonghua - WARNING - No strong match for Nine Suns Martial God (best score 30); recording not_found
  ✗ Nine Suns Martial God → not_found
Invalidated Throne of seal::season 1
2026-09-05 20:29:48,922 - scraper.luciferdonghua - WARNING - No strong match for Throne of seal (best score 10); recording not_found
  ✗ Throne of seal → not_found
Invalidated The Gate of Mystical Realm::season 1
2026-09-05 20:30:25,892 - scraper.luciferdonghua - WARNING - No strong match for The Gate of Mystical Realm (best score 10); recording not_found
  ✗ The Gate of Mystical Realm → not_found
Invalidated Immortality::season 5
2026-09-05 20:31:13,005 - scraper.luciferdonghua - WARNING - No strong match for Immortality (best score 50); recording not_found
  ✗ Immortality → not_found
Invalidated Tomb of Fallen Gods::season 3
2026-09-05 20:31:50,686 - scraper.luciferdonghua - WARNING - No strong match for Tomb of Fallen Gods (best score 10); recording not_found
  ✗ Tomb of Fallen Gods → not_found

Link sync complete!
